// Jest Snapshot v1, https://goo.gl/fbAQLP

exports[`Disclose Component renders correctly 1`] = `
ShallowWrapper {
  "length": 1,
  Symbol(enzyme.__root__): [Circular],
  Symbol(enzyme.__unrendered__): <Disclose>
    un disclose
  </Disclose>,
  Symbol(enzyme.__renderer__): Object {
    "batchedUpdates": [Function],
    "getNode": [Function],
    "render": [Function],
    "simulateEvent": [Function],
    "unmount": [Function],
  },
  Symbol(enzyme.__node__): Object {
    "instance": null,
    "key": null,
    "nodeType": "host",
    "props": Object {
      "children": Array [
        <a
          className="lego-disclose__link link--dark soft-half flush"
          onClick={[Function]}
        >
          <div
            className="lego-disclose__arrow"
          >
            <span
              className="lego-disclose__symbol"
            />
            Title of Disclosure
          </div>
        </a>,
        <div
          className="lego-disclose__content"
        />,
      ],
      "className": "lego-disclose",
      "style": Object {
        "marginTop": "-1px",
      },
    },
    "ref": null,
    "rendered": Array [
      Object {
        "instance": null,
        "key": null,
        "nodeType": "host",
        "props": Object {
          "children": <div
            className="lego-disclose__arrow"
          >
            <span
              className="lego-disclose__symbol"
            />
            Title of Disclosure
          </div>,
          "className": "lego-disclose__link link--dark soft-half flush",
          "onClick": [Function],
        },
        "ref": null,
        "rendered": Object {
          "instance": null,
          "key": null,
          "nodeType": "host",
          "props": Object {
            "children": Array [
              <span
                className="lego-disclose__symbol"
              />,
              "Title of Disclosure",
            ],
            "className": "lego-disclose__arrow",
          },
          "ref": null,
          "rendered": Array [
            Object {
              "instance": null,
              "key": null,
              "nodeType": "host",
              "props": Object {
                "className": "lego-disclose__symbol",
              },
              "ref": null,
              "rendered": null,
              "type": "span",
            },
            "Title of Disclosure",
          ],
          "type": "div",
        },
        "type": "a",
      },
      Object {
        "instance": null,
        "key": null,
        "nodeType": "host",
        "props": Object {
          "children": false,
          "className": "lego-disclose__content",
        },
        "ref": null,
        "rendered": false,
        "type": "div",
      },
    ],
    "type": "div",
  },
  Symbol(enzyme.__nodes__): Array [
    Object {
      "instance": null,
      "key": null,
      "nodeType": "host",
      "props": Object {
        "children": Array [
          <a
            className="lego-disclose__link link--dark soft-half flush"
            onClick={[Function]}
          >
            <div
              className="lego-disclose__arrow"
            >
              <span
                className="lego-disclose__symbol"
              />
              Title of Disclosure
            </div>
          </a>,
          <div
            className="lego-disclose__content"
          />,
        ],
        "className": "lego-disclose",
        "style": Object {
          "marginTop": "-1px",
        },
      },
      "ref": null,
      "rendered": Array [
        Object {
          "instance": null,
          "key": null,
          "nodeType": "host",
          "props": Object {
            "children": <div
              className="lego-disclose__arrow"
            >
              <span
                className="lego-disclose__symbol"
              />
              Title of Disclosure
            </div>,
            "className": "lego-disclose__link link--dark soft-half flush",
            "onClick": [Function],
          },
          "ref": null,
          "rendered": Object {
            "instance": null,
            "key": null,
            "nodeType": "host",
            "props": Object {
              "children": Array [
                <span
                  className="lego-disclose__symbol"
                />,
                "Title of Disclosure",
              ],
              "className": "lego-disclose__arrow",
            },
            "ref": null,
            "rendered": Array [
              Object {
                "instance": null,
                "key": null,
                "nodeType": "host",
                "props": Object {
                  "className": "lego-disclose__symbol",
                },
                "ref": null,
                "rendered": null,
                "type": "span",
              },
              "Title of Disclosure",
            ],
            "type": "div",
          },
          "type": "a",
        },
        Object {
          "instance": null,
          "key": null,
          "nodeType": "host",
          "props": Object {
            "children": false,
            "className": "lego-disclose__content",
          },
          "ref": null,
          "rendered": false,
          "type": "div",
        },
      ],
      "type": "div",
    },
  ],
  Symbol(enzyme.__options__): Object {
    "adapter": ReactSixteenAdapter {
      "options": Object {
        "enableComponentDidUpdateOnSetState": true,
      },
    },
    "disableLifecycleMethods": true,
  },
}
`;
