// Jest Snapshot v1, https://goo.gl/fbAQLP

exports[`components/Poptip renders correctly 1`] = `
<Tooltip
  animateFill={true}
  animation="shift"
  arrow={true}
  arrowSize="regular"
  className=""
  delay={0}
  disabled={false}
  distance={10}
  duration={375}
  followCursor={false}
  hideDelay={0}
  hideDuration={375}
  hideOnClick={true}
  html={<div />}
  inertia={false}
  interactive={false}
  interactiveBorder={2}
  multiple={false}
  offset={0}
  onHidden={[Function]}
  onHide={[Function]}
  onRequestClose={[Function]}
  onShow={[Function]}
  onShown={[Function]}
  popperOptions={Object {}}
  position="top"
  size="regular"
  sticky={false}
  stickyDuration={200}
  style={Object {}}
  theme="dark"
  touchHold={false}
  trigger="mouseenter focus"
  unmountHTMLWhenHide={false}
>
  <div>
    Testing Poptip
  </div>
</Tooltip>
`;
